2025-11-26 13:52:57.928 [main] INFO  steven.test.project.FirstWebManagerApplication:? - Starting FirstWebManagerApplication using Java 24.0.1 with PID 29400 (D:\shwork\work\javawork\java-project\first-web-manager\target\classes started by 23693 in D:\shwork\work\javawork\java-project)
2025-11-26 13:52:57.928 [main] DEBUG steven.test.project.FirstWebManagerApplication:? - Running with Spring Boot v3.5.6, Spring v6.2.11
2025-11-26 13:52:57.929 [main] INFO  steven.test.project.FirstWebManagerApplication:? - No active profile set, falling back to 1 default profile: "default"
2025-11-26 13:52:58.711 [main] INFO  o.s.boot.web.embedded.tomcat.TomcatWebServer:? - Tomcat initialized with port 8080 (http)
2025-11-26 13:52:58.721 [main] INFO  org.apache.catalina.core.StandardService:? - Starting service [Tomcat]
2025-11-26 13:52:58.721 [main] INFO  org.apache.catalina.core.StandardEngine:? - Starting Servlet engine: [Apache Tomcat/10.1.46]
2025-11-26 13:52:58.750 [main] INFO  o.a.c.core.ContainerBase.[Tomcat].[localhost].[/]:? - Initializing Spring embedded WebApplicationContext
2025-11-26 13:52:58.750 [main] INFO  o.s.b.w.s.c.ServletWebServerApplicationContext:? - Root WebApplicationContext: initialization completed in 792 ms
2025-11-26 13:52:58.802 [main] INFO  com.zaxxer.hikari.HikariDataSource:? - HikariPool-1 - Starting...
2025-11-26 13:52:59.895 [main] WARN  o.s.b.w.s.c.AnnotationConfigServletWebServerApplicationContext:? - Exception encountered during context initialization - cancelling refresh attempt: org.springframework.beans.factory.BeanCreationException: Error creating bean with name 'dbInitializer': Invocation of init method failed
2025-11-26 13:52:59.910 [main] INFO  org.apache.catalina.core.StandardService:? - Stopping service [Tomcat]
2025-11-26 13:52:59.931 [main] INFO  o.s.b.a.logging.ConditionEvaluationReportLogger:? - 

Error starting ApplicationContext. To display the condition evaluation report re-run your application with 'debug' enabled.
2025-11-26 13:52:59.950 [main] ERROR org.springframework.boot.SpringApplication:? - Application run failed
org.springframework.beans.factory.BeanCreationException: Error creating bean with name 'dbInitializer': Invocation of init method failed
	at org.springframework.beans.factory.annotation.InitDestroyAnnotationBeanPostProcessor.postProcessBeforeInitialization(InitDestroyAnnotationBeanPostProcessor.java:222)
	at org.springframework.beans.factory.support.AbstractAutowireCapableBeanFactory.applyBeanPostProcessorsBeforeInitialization(AbstractAutowireCapableBeanFactory.java:429)
	at org.springframework.beans.factory.support.AbstractAutowireCapableBeanFactory.initializeBean(AbstractAutowireCapableBeanFactory.java:1818)
	at org.springframework.beans.factory.support.AbstractAutowireCapableBeanFactory.doCreateBean(AbstractAutowireCapableBeanFactory.java:607)
	at org.springframework.beans.factory.support.AbstractAutowireCapableBeanFactory.createBean(AbstractAutowireCapableBeanFactory.java:529)
	at org.springframework.beans.factory.support.AbstractBeanFactory.lambda$doGetBean$0(AbstractBeanFactory.java:339)
	at org.springframework.beans.factory.support.DefaultSingletonBeanRegistry.getSingleton(DefaultSingletonBeanRegistry.java:373)
	at org.springframework.beans.factory.support.AbstractBeanFactory.doGetBean(AbstractBeanFactory.java:337)
	at org.springframework.beans.factory.support.AbstractBeanFactory.getBean(AbstractBeanFactory.java:202)
	at org.springframework.beans.factory.support.DefaultListableBeanFactory.instantiateSingleton(DefaultListableBeanFactory.java:1221)
	at org.springframework.beans.factory.support.DefaultListableBeanFactory.preInstantiateSingleton(DefaultListableBeanFactory.java:1187)
	at org.springframework.beans.factory.support.DefaultListableBeanFactory.preInstantiateSingletons(DefaultListableBeanFactory.java:1123)
	at org.springframework.context.support.AbstractApplicationContext.finishBeanFactoryInitialization(AbstractApplicationContext.java:987)
	at org.springframework.context.support.AbstractApplicationContext.refresh(AbstractApplicationContext.java:627)
	at org.springframework.boot.web.servlet.context.ServletWebServerApplicationContext.refresh(ServletWebServerApplicationContext.java:146)
	at org.springframework.boot.SpringApplication.refresh(SpringApplication.java:752)
	at org.springframework.boot.SpringApplication.refreshContext(SpringApplication.java:439)
	at org.springframework.boot.SpringApplication.run(SpringApplication.java:318)
	at org.springframework.boot.SpringApplication.run(SpringApplication.java:1361)
	at org.springframework.boot.SpringApplication.run(SpringApplication.java:1350)
	at steven.test.project.FirstWebManagerApplication.main(FirstWebManagerApplication.java:10)
Caused by: java.lang.RuntimeException: 初始化数据库失败
	at steven.test.project.config.DbInitializer.init(DbInitializer.java:41)
	at java.base/jdk.internal.reflect.DirectMethodHandleAccessor.invoke(DirectMethodHandleAccessor.java:104)
	at java.base/java.lang.reflect.Method.invoke(Method.java:565)
	at org.springframework.beans.factory.annotation.InitDestroyAnnotationBeanPostProcessor$LifecycleMethod.invoke(InitDestroyAnnotationBeanPostProcessor.java:457)
	at org.springframework.beans.factory.annotation.InitDestroyAnnotationBeanPostProcessor$LifecycleMetadata.invokeInitMethods(InitDestroyAnnotationBeanPostProcessor.java:401)
	at org.springframework.beans.factory.annotation.InitDestroyAnnotationBeanPostProcessor.postProcessBeforeInitialization(InitDestroyAnnotationBeanPostProcessor.java:219)
	... 20 common frames omitted
Caused by: java.sql.SQLNonTransientConnectionException: Public Key Retrieval is not allowed
	at com.mysql.cj.jdbc.exceptions.SQLError.createSQLException(SQLError.java:102)
	at com.mysql.cj.jdbc.exceptions.SQLExceptionsMapping.translateException(SQLExceptionsMapping.java:114)
	at com.mysql.cj.jdbc.ConnectionImpl.createNewIO(ConnectionImpl.java:839)
	at com.mysql.cj.jdbc.ConnectionImpl.<init>(ConnectionImpl.java:415)
	at com.mysql.cj.jdbc.ConnectionImpl.getInstance(ConnectionImpl.java:237)
	at com.mysql.cj.jdbc.NonRegisteringDriver.connect(NonRegisteringDriver.java:180)
	at com.zaxxer.hikari.util.DriverDataSource.getConnection(DriverDataSource.java:144)
	at com.zaxxer.hikari.pool.PoolBase.newConnection(PoolBase.java:370)
	at com.zaxxer.hikari.pool.PoolBase.newPoolEntry(PoolBase.java:207)
	at com.zaxxer.hikari.pool.HikariPool.createPoolEntry(HikariPool.java:488)
	at com.zaxxer.hikari.pool.HikariPool.checkFailFast(HikariPool.java:576)
	at com.zaxxer.hikari.pool.HikariPool.<init>(HikariPool.java:97)
	at com.zaxxer.hikari.HikariDataSource.getConnection(HikariDataSource.java:111)
	at steven.test.project.config.DbInitializer.init(DbInitializer.java:27)
	... 25 common frames omitted
Caused by: com.mysql.cj.exceptions.UnableToConnectException: Public Key Retrieval is not allowed
	at java.base/jdk.internal.reflect.DirectConstructorHandleAccessor.newInstance(DirectConstructorHandleAccessor.java:62)
	at java.base/java.lang.reflect.Constructor.newInstanceWithCaller(Constructor.java:499)
	at java.base/java.lang.reflect.Constructor.newInstance(Constructor.java:483)
	at com.mysql.cj.exceptions.ExceptionFactory.createException(ExceptionFactory.java:52)
	at com.mysql.cj.exceptions.ExceptionFactory.createException(ExceptionFactory.java:76)
	at com.mysql.cj.protocol.a.authentication.CachingSha2PasswordPlugin.nextAuthenticationStep(CachingSha2PasswordPlugin.java:122)
	at com.mysql.cj.protocol.a.authentication.CachingSha2PasswordPlugin.nextAuthenticationStep(CachingSha2PasswordPlugin.java:40)
	at com.mysql.cj.protocol.a.NativeAuthenticationProvider.proceedHandshakeWithPluggableAuthentication(NativeAuthenticationProvider.java:436)
	at com.mysql.cj.protocol.a.NativeAuthenticationProvider.connect(NativeAuthenticationProvider.java:206)
	at com.mysql.cj.protocol.a.NativeProtocol.connect(NativeProtocol.java:1333)
	at com.mysql.cj.NativeSession.connect(NativeSession.java:155)
	at com.mysql.cj.jdbc.ConnectionImpl.connectOneTryOnly(ConnectionImpl.java:963)
	at com.mysql.cj.jdbc.ConnectionImpl.createNewIO(ConnectionImpl.java:827)
	... 36 common frames omitted
2025-11-26 15:03:34.469 [main] INFO  steven.test.project.FirstWebManagerApplication:? - Starting FirstWebManagerApplication using Java 24.0.1 with PID 13340 (D:\shwork\work\javawork\java-project\first-web-manager\target\classes started by 23693 in D:\shwork\work\javawork\java-project)
2025-11-26 15:03:34.469 [main] DEBUG steven.test.project.FirstWebManagerApplication:? - Running with Spring Boot v3.5.6, Spring v6.2.11
2025-11-26 15:03:34.470 [main] INFO  steven.test.project.FirstWebManagerApplication:? - No active profile set, falling back to 1 default profile: "default"
2025-11-26 15:03:35.020 [main] INFO  o.s.boot.web.embedded.tomcat.TomcatWebServer:? - Tomcat initialized with port 8080 (http)
2025-11-26 15:03:35.026 [main] INFO  org.apache.catalina.core.StandardService:? - Starting service [Tomcat]
2025-11-26 15:03:35.026 [main] INFO  org.apache.catalina.core.StandardEngine:? - Starting Servlet engine: [Apache Tomcat/10.1.46]
2025-11-26 15:03:35.049 [main] INFO  o.a.c.core.ContainerBase.[Tomcat].[localhost].[/]:? - Initializing Spring embedded WebApplicationContext
2025-11-26 15:03:35.050 [main] INFO  o.s.b.w.s.c.ServletWebServerApplicationContext:? - Root WebApplicationContext: initialization completed in 562 ms
2025-11-26 15:03:35.092 [main] INFO  com.zaxxer.hikari.HikariDataSource:? - HikariPool-1 - Starting...
2025-11-26 15:03:36.166 [main] WARN  o.s.b.w.s.c.AnnotationConfigServletWebServerApplicationContext:? - Exception encountered during context initialization - cancelling refresh attempt: org.springframework.beans.factory.BeanCreationException: Error creating bean with name 'dbInitializer': Invocation of init method failed
2025-11-26 15:03:36.172 [main] INFO  org.apache.catalina.core.StandardService:? - Stopping service [Tomcat]
2025-11-26 15:03:36.183 [main] INFO  o.s.b.a.logging.ConditionEvaluationReportLogger:? - 

Error starting ApplicationContext. To display the condition evaluation report re-run your application with 'debug' enabled.
2025-11-26 15:03:36.195 [main] ERROR org.springframework.boot.SpringApplication:? - Application run failed
org.springframework.beans.factory.BeanCreationException: Error creating bean with name 'dbInitializer': Invocation of init method failed
	at org.springframework.beans.factory.annotation.InitDestroyAnnotationBeanPostProcessor.postProcessBeforeInitialization(InitDestroyAnnotationBeanPostProcessor.java:222)
	at org.springframework.beans.factory.support.AbstractAutowireCapableBeanFactory.applyBeanPostProcessorsBeforeInitialization(AbstractAutowireCapableBeanFactory.java:429)
	at org.springframework.beans.factory.support.AbstractAutowireCapableBeanFactory.initializeBean(AbstractAutowireCapableBeanFactory.java:1818)
	at org.springframework.beans.factory.support.AbstractAutowireCapableBeanFactory.doCreateBean(AbstractAutowireCapableBeanFactory.java:607)
	at org.springframework.beans.factory.support.AbstractAutowireCapableBeanFactory.createBean(AbstractAutowireCapableBeanFactory.java:529)
	at org.springframework.beans.factory.support.AbstractBeanFactory.lambda$doGetBean$0(AbstractBeanFactory.java:339)
	at org.springframework.beans.factory.support.DefaultSingletonBeanRegistry.getSingleton(DefaultSingletonBeanRegistry.java:373)
	at org.springframework.beans.factory.support.AbstractBeanFactory.doGetBean(AbstractBeanFactory.java:337)
	at org.springframework.beans.factory.support.AbstractBeanFactory.getBean(AbstractBeanFactory.java:202)
	at org.springframework.beans.factory.support.DefaultListableBeanFactory.instantiateSingleton(DefaultListableBeanFactory.java:1221)
	at org.springframework.beans.factory.support.DefaultListableBeanFactory.preInstantiateSingleton(DefaultListableBeanFactory.java:1187)
	at org.springframework.beans.factory.support.DefaultListableBeanFactory.preInstantiateSingletons(DefaultListableBeanFactory.java:1123)
	at org.springframework.context.support.AbstractApplicationContext.finishBeanFactoryInitialization(AbstractApplicationContext.java:987)
	at org.springframework.context.support.AbstractApplicationContext.refresh(AbstractApplicationContext.java:627)
	at org.springframework.boot.web.servlet.context.ServletWebServerApplicationContext.refresh(ServletWebServerApplicationContext.java:146)
	at org.springframework.boot.SpringApplication.refresh(SpringApplication.java:752)
	at org.springframework.boot.SpringApplication.refreshContext(SpringApplication.java:439)
	at org.springframework.boot.SpringApplication.run(SpringApplication.java:318)
	at org.springframework.boot.SpringApplication.run(SpringApplication.java:1361)
	at org.springframework.boot.SpringApplication.run(SpringApplication.java:1350)
	at steven.test.project.FirstWebManagerApplication.main(FirstWebManagerApplication.java:10)
Caused by: java.lang.RuntimeException: 建表失败
	at steven.test.project.config.DbInitializer.init(DbInitializer.java:41)
	at java.base/jdk.internal.reflect.DirectMethodHandleAccessor.invoke(DirectMethodHandleAccessor.java:104)
	at java.base/java.lang.reflect.Method.invoke(Method.java:565)
	at org.springframework.beans.factory.annotation.InitDestroyAnnotationBeanPostProcessor$LifecycleMethod.invoke(InitDestroyAnnotationBeanPostProcessor.java:457)
	at org.springframework.beans.factory.annotation.InitDestroyAnnotationBeanPostProcessor$LifecycleMetadata.invokeInitMethods(InitDestroyAnnotationBeanPostProcessor.java:401)
	at org.springframework.beans.factory.annotation.InitDestroyAnnotationBeanPostProcessor.postProcessBeforeInitialization(InitDestroyAnnotationBeanPostProcessor.java:219)
	... 20 common frames omitted
Caused by: java.sql.SQLNonTransientConnectionException: Public Key Retrieval is not allowed
	at com.mysql.cj.jdbc.exceptions.SQLError.createSQLException(SQLError.java:102)
	at com.mysql.cj.jdbc.exceptions.SQLExceptionsMapping.translateException(SQLExceptionsMapping.java:114)
	at com.mysql.cj.jdbc.ConnectionImpl.createNewIO(ConnectionImpl.java:839)
	at com.mysql.cj.jdbc.ConnectionImpl.<init>(ConnectionImpl.java:415)
	at com.mysql.cj.jdbc.ConnectionImpl.getInstance(ConnectionImpl.java:237)
	at com.mysql.cj.jdbc.NonRegisteringDriver.connect(NonRegisteringDriver.java:180)
	at com.zaxxer.hikari.util.DriverDataSource.getConnection(DriverDataSource.java:144)
	at com.zaxxer.hikari.pool.PoolBase.newConnection(PoolBase.java:370)
	at com.zaxxer.hikari.pool.PoolBase.newPoolEntry(PoolBase.java:207)
	at com.zaxxer.hikari.pool.HikariPool.createPoolEntry(HikariPool.java:488)
	at com.zaxxer.hikari.pool.HikariPool.checkFailFast(HikariPool.java:576)
	at com.zaxxer.hikari.pool.HikariPool.<init>(HikariPool.java:97)
	at com.zaxxer.hikari.HikariDataSource.getConnection(HikariDataSource.java:111)
	at steven.test.project.config.DbInitializer.init(DbInitializer.java:27)
	... 25 common frames omitted
Caused by: com.mysql.cj.exceptions.UnableToConnectException: Public Key Retrieval is not allowed
	at java.base/jdk.internal.reflect.DirectConstructorHandleAccessor.newInstance(DirectConstructorHandleAccessor.java:62)
	at java.base/java.lang.reflect.Constructor.newInstanceWithCaller(Constructor.java:499)
	at java.base/java.lang.reflect.Constructor.newInstance(Constructor.java:483)
	at com.mysql.cj.exceptions.ExceptionFactory.createException(ExceptionFactory.java:52)
	at com.mysql.cj.exceptions.ExceptionFactory.createException(ExceptionFactory.java:76)
	at com.mysql.cj.protocol.a.authentication.CachingSha2PasswordPlugin.nextAuthenticationStep(CachingSha2PasswordPlugin.java:122)
	at com.mysql.cj.protocol.a.authentication.CachingSha2PasswordPlugin.nextAuthenticationStep(CachingSha2PasswordPlugin.java:40)
	at com.mysql.cj.protocol.a.NativeAuthenticationProvider.proceedHandshakeWithPluggableAuthentication(NativeAuthenticationProvider.java:436)
	at com.mysql.cj.protocol.a.NativeAuthenticationProvider.connect(NativeAuthenticationProvider.java:206)
	at com.mysql.cj.protocol.a.NativeProtocol.connect(NativeProtocol.java:1333)
	at com.mysql.cj.NativeSession.connect(NativeSession.java:155)
	at com.mysql.cj.jdbc.ConnectionImpl.connectOneTryOnly(ConnectionImpl.java:963)
	at com.mysql.cj.jdbc.ConnectionImpl.createNewIO(ConnectionImpl.java:827)
	... 36 common frames omitted
2025-11-26 15:09:31.412 [main] INFO  steven.test.project.FirstWebManagerApplication:? - Starting FirstWebManagerApplication using Java 24.0.1 with PID 3732 (D:\shwork\work\javawork\java-project\first-web-manager\target\classes started by 23693 in D:\shwork\work\javawork\java-project)
2025-11-26 15:09:31.413 [main] DEBUG steven.test.project.FirstWebManagerApplication:? - Running with Spring Boot v3.5.6, Spring v6.2.11
2025-11-26 15:09:31.414 [main] INFO  steven.test.project.FirstWebManagerApplication:? - No active profile set, falling back to 1 default profile: "default"
2025-11-26 15:09:32.200 [main] INFO  o.s.boot.web.embedded.tomcat.TomcatWebServer:? - Tomcat initialized with port 8080 (http)
2025-11-26 15:09:32.209 [main] INFO  org.apache.catalina.core.StandardService:? - Starting service [Tomcat]
2025-11-26 15:09:32.209 [main] INFO  org.apache.catalina.core.StandardEngine:? - Starting Servlet engine: [Apache Tomcat/10.1.46]
2025-11-26 15:09:32.237 [main] INFO  o.a.c.core.ContainerBase.[Tomcat].[localhost].[/]:? - Initializing Spring embedded WebApplicationContext
2025-11-26 15:09:32.237 [main] INFO  o.s.b.w.s.c.ServletWebServerApplicationContext:? - Root WebApplicationContext: initialization completed in 797 ms
2025-11-26 15:09:32.293 [main] INFO  com.zaxxer.hikari.HikariDataSource:? - HikariPool-1 - Starting...
2025-11-26 15:09:33.381 [main] WARN  o.s.b.w.s.c.AnnotationConfigServletWebServerApplicationContext:? - Exception encountered during context initialization - cancelling refresh attempt: org.springframework.beans.factory.BeanCreationException: Error creating bean with name 'dbInitializer': Invocation of init method failed
2025-11-26 15:09:33.383 [main] INFO  org.apache.catalina.core.StandardService:? - Stopping service [Tomcat]
2025-11-26 15:09:33.390 [main] INFO  o.s.b.a.logging.ConditionEvaluationReportLogger:? - 

Error starting ApplicationContext. To display the condition evaluation report re-run your application with 'debug' enabled.
2025-11-26 15:09:33.400 [main] ERROR org.springframework.boot.SpringApplication:? - Application run failed
org.springframework.beans.factory.BeanCreationException: Error creating bean with name 'dbInitializer': Invocation of init method failed
	at org.springframework.beans.factory.annotation.InitDestroyAnnotationBeanPostProcessor.postProcessBeforeInitialization(InitDestroyAnnotationBeanPostProcessor.java:222)
	at org.springframework.beans.factory.support.AbstractAutowireCapableBeanFactory.applyBeanPostProcessorsBeforeInitialization(AbstractAutowireCapableBeanFactory.java:429)
	at org.springframework.beans.factory.support.AbstractAutowireCapableBeanFactory.initializeBean(AbstractAutowireCapableBeanFactory.java:1818)
	at org.springframework.beans.factory.support.AbstractAutowireCapableBeanFactory.doCreateBean(AbstractAutowireCapableBeanFactory.java:607)
	at org.springframework.beans.factory.support.AbstractAutowireCapableBeanFactory.createBean(AbstractAutowireCapableBeanFactory.java:529)
	at org.springframework.beans.factory.support.AbstractBeanFactory.lambda$doGetBean$0(AbstractBeanFactory.java:339)
	at org.springframework.beans.factory.support.DefaultSingletonBeanRegistry.getSingleton(DefaultSingletonBeanRegistry.java:373)
	at org.springframework.beans.factory.support.AbstractBeanFactory.doGetBean(AbstractBeanFactory.java:337)
	at org.springframework.beans.factory.support.AbstractBeanFactory.getBean(AbstractBeanFactory.java:202)
	at org.springframework.beans.factory.support.DefaultListableBeanFactory.instantiateSingleton(DefaultListableBeanFactory.java:1221)
	at org.springframework.beans.factory.support.DefaultListableBeanFactory.preInstantiateSingleton(DefaultListableBeanFactory.java:1187)
	at org.springframework.beans.factory.support.DefaultListableBeanFactory.preInstantiateSingletons(DefaultListableBeanFactory.java:1123)
	at org.springframework.context.support.AbstractApplicationContext.finishBeanFactoryInitialization(AbstractApplicationContext.java:987)
	at org.springframework.context.support.AbstractApplicationContext.refresh(AbstractApplicationContext.java:627)
	at org.springframework.boot.web.servlet.context.ServletWebServerApplicationContext.refresh(ServletWebServerApplicationContext.java:146)
	at org.springframework.boot.SpringApplication.refresh(SpringApplication.java:752)
	at org.springframework.boot.SpringApplication.refreshContext(SpringApplication.java:439)
	at org.springframework.boot.SpringApplication.run(SpringApplication.java:318)
	at org.springframework.boot.SpringApplication.run(SpringApplication.java:1361)
	at org.springframework.boot.SpringApplication.run(SpringApplication.java:1350)
	at steven.test.project.FirstWebManagerApplication.main(FirstWebManagerApplication.java:10)
Caused by: java.lang.RuntimeException: 建表失败
	at steven.test.project.config.DbInitializer.init(DbInitializer.java:41)
	at java.base/jdk.internal.reflect.DirectMethodHandleAccessor.invoke(DirectMethodHandleAccessor.java:104)
	at java.base/java.lang.reflect.Method.invoke(Method.java:565)
	at org.springframework.beans.factory.annotation.InitDestroyAnnotationBeanPostProcessor$LifecycleMethod.invoke(InitDestroyAnnotationBeanPostProcessor.java:457)
	at org.springframework.beans.factory.annotation.InitDestroyAnnotationBeanPostProcessor$LifecycleMetadata.invokeInitMethods(InitDestroyAnnotationBeanPostProcessor.java:401)
	at org.springframework.beans.factory.annotation.InitDestroyAnnotationBeanPostProcessor.postProcessBeforeInitialization(InitDestroyAnnotationBeanPostProcessor.java:219)
	... 20 common frames omitted
Caused by: java.sql.SQLNonTransientConnectionException: Public Key Retrieval is not allowed
	at com.mysql.cj.jdbc.exceptions.SQLError.createSQLException(SQLError.java:102)
	at com.mysql.cj.jdbc.exceptions.SQLExceptionsMapping.translateException(SQLExceptionsMapping.java:114)
	at com.mysql.cj.jdbc.ConnectionImpl.createNewIO(ConnectionImpl.java:839)
	at com.mysql.cj.jdbc.ConnectionImpl.<init>(ConnectionImpl.java:415)
	at com.mysql.cj.jdbc.ConnectionImpl.getInstance(ConnectionImpl.java:237)
	at com.mysql.cj.jdbc.NonRegisteringDriver.connect(NonRegisteringDriver.java:180)
	at com.zaxxer.hikari.util.DriverDataSource.getConnection(DriverDataSource.java:144)
	at com.zaxxer.hikari.pool.PoolBase.newConnection(PoolBase.java:370)
	at com.zaxxer.hikari.pool.PoolBase.newPoolEntry(PoolBase.java:207)
	at com.zaxxer.hikari.pool.HikariPool.createPoolEntry(HikariPool.java:488)
	at com.zaxxer.hikari.pool.HikariPool.checkFailFast(HikariPool.java:576)
	at com.zaxxer.hikari.pool.HikariPool.<init>(HikariPool.java:97)
	at com.zaxxer.hikari.HikariDataSource.getConnection(HikariDataSource.java:111)
	at steven.test.project.config.DbInitializer.init(DbInitializer.java:27)
	... 25 common frames omitted
Caused by: com.mysql.cj.exceptions.UnableToConnectException: Public Key Retrieval is not allowed
	at java.base/jdk.internal.reflect.DirectConstructorHandleAccessor.newInstance(DirectConstructorHandleAccessor.java:62)
	at java.base/java.lang.reflect.Constructor.newInstanceWithCaller(Constructor.java:499)
	at java.base/java.lang.reflect.Constructor.newInstance(Constructor.java:483)
	at com.mysql.cj.exceptions.ExceptionFactory.createException(ExceptionFactory.java:52)
	at com.mysql.cj.exceptions.ExceptionFactory.createException(ExceptionFactory.java:76)
	at com.mysql.cj.protocol.a.authentication.CachingSha2PasswordPlugin.nextAuthenticationStep(CachingSha2PasswordPlugin.java:122)
	at com.mysql.cj.protocol.a.authentication.CachingSha2PasswordPlugin.nextAuthenticationStep(CachingSha2PasswordPlugin.java:40)
	at com.mysql.cj.protocol.a.NativeAuthenticationProvider.proceedHandshakeWithPluggableAuthentication(NativeAuthenticationProvider.java:436)
	at com.mysql.cj.protocol.a.NativeAuthenticationProvider.connect(NativeAuthenticationProvider.java:206)
	at com.mysql.cj.protocol.a.NativeProtocol.connect(NativeProtocol.java:1333)
	at com.mysql.cj.NativeSession.connect(NativeSession.java:155)
	at com.mysql.cj.jdbc.ConnectionImpl.connectOneTryOnly(ConnectionImpl.java:963)
	at com.mysql.cj.jdbc.ConnectionImpl.createNewIO(ConnectionImpl.java:827)
	... 36 common frames omitted
2025-11-26 15:11:41.008 [main] INFO  steven.test.project.FirstWebManagerApplication:? - Starting FirstWebManagerApplication using Java 24.0.1 with PID 8288 (D:\shwork\work\javawork\java-project\first-web-manager\target\classes started by 23693 in D:\shwork\work\javawork\java-project)
2025-11-26 15:11:41.009 [main] DEBUG steven.test.project.FirstWebManagerApplication:? - Running with Spring Boot v3.5.6, Spring v6.2.11
2025-11-26 15:11:41.009 [main] INFO  steven.test.project.FirstWebManagerApplication:? - No active profile set, falling back to 1 default profile: "default"
2025-11-26 15:11:41.557 [main] INFO  o.s.boot.web.embedded.tomcat.TomcatWebServer:? - Tomcat initialized with port 8080 (http)
2025-11-26 15:11:41.563 [main] INFO  org.apache.catalina.core.StandardService:? - Starting service [Tomcat]
2025-11-26 15:11:41.563 [main] INFO  org.apache.catalina.core.StandardEngine:? - Starting Servlet engine: [Apache Tomcat/10.1.46]
2025-11-26 15:11:41.587 [main] INFO  o.a.c.core.ContainerBase.[Tomcat].[localhost].[/]:? - Initializing Spring embedded WebApplicationContext
2025-11-26 15:11:41.587 [main] INFO  o.s.b.w.s.c.ServletWebServerApplicationContext:? - Root WebApplicationContext: initialization completed in 557 ms
2025-11-26 15:11:41.629 [main] INFO  com.zaxxer.hikari.HikariDataSource:? - HikariPool-1 - Starting...
2025-11-26 15:11:41.799 [main] INFO  com.zaxxer.hikari.pool.HikariPool:? - HikariPool-1 - Added connection com.mysql.cj.jdbc.ConnectionImpl@63917fe1
2025-11-26 15:11:41.801 [main] INFO  com.zaxxer.hikari.HikariDataSource:? - HikariPool-1 - Start completed.
2025-11-26 15:11:42.173 [main] WARN  o.s.b.w.s.c.AnnotationConfigServletWebServerApplicationContext:? - Exception encountered during context initialization - cancelling refresh attempt: org.springframework.beans.factory.BeanCreationException: Error creating bean with name 'dbInitializer': Invocation of init method failed
2025-11-26 15:11:42.174 [main] INFO  com.zaxxer.hikari.HikariDataSource:? - HikariPool-1 - Shutdown initiated...
2025-11-26 15:11:42.183 [main] INFO  com.zaxxer.hikari.HikariDataSource:? - HikariPool-1 - Shutdown completed.
2025-11-26 15:11:42.184 [main] INFO  org.apache.catalina.core.StandardService:? - Stopping service [Tomcat]
2025-11-26 15:11:42.190 [main] INFO  o.s.b.a.logging.ConditionEvaluationReportLogger:? - 

Error starting ApplicationContext. To display the condition evaluation report re-run your application with 'debug' enabled.
2025-11-26 15:11:42.197 [main] ERROR org.springframework.boot.SpringApplication:? - Application run failed
org.springframework.beans.factory.BeanCreationException: Error creating bean with name 'dbInitializer': Invocation of init method failed
	at org.springframework.beans.factory.annotation.InitDestroyAnnotationBeanPostProcessor.postProcessBeforeInitialization(InitDestroyAnnotationBeanPostProcessor.java:222)
	at org.springframework.beans.factory.support.AbstractAutowireCapableBeanFactory.applyBeanPostProcessorsBeforeInitialization(AbstractAutowireCapableBeanFactory.java:429)
	at org.springframework.beans.factory.support.AbstractAutowireCapableBeanFactory.initializeBean(AbstractAutowireCapableBeanFactory.java:1818)
	at org.springframework.beans.factory.support.AbstractAutowireCapableBeanFactory.doCreateBean(AbstractAutowireCapableBeanFactory.java:607)
	at org.springframework.beans.factory.support.AbstractAutowireCapableBeanFactory.createBean(AbstractAutowireCapableBeanFactory.java:529)
	at org.springframework.beans.factory.support.AbstractBeanFactory.lambda$doGetBean$0(AbstractBeanFactory.java:339)
	at org.springframework.beans.factory.support.DefaultSingletonBeanRegistry.getSingleton(DefaultSingletonBeanRegistry.java:373)
	at org.springframework.beans.factory.support.AbstractBeanFactory.doGetBean(AbstractBeanFactory.java:337)
	at org.springframework.beans.factory.support.AbstractBeanFactory.getBean(AbstractBeanFactory.java:202)
	at org.springframework.beans.factory.support.DefaultListableBeanFactory.instantiateSingleton(DefaultListableBeanFactory.java:1221)
	at org.springframework.beans.factory.support.DefaultListableBeanFactory.preInstantiateSingleton(DefaultListableBeanFactory.java:1187)
	at org.springframework.beans.factory.support.DefaultListableBeanFactory.preInstantiateSingletons(DefaultListableBeanFactory.java:1123)
	at org.springframework.context.support.AbstractApplicationContext.finishBeanFactoryInitialization(AbstractApplicationContext.java:987)
	at org.springframework.context.support.AbstractApplicationContext.refresh(AbstractApplicationContext.java:627)
	at org.springframework.boot.web.servlet.context.ServletWebServerApplicationContext.refresh(ServletWebServerApplicationContext.java:146)
	at org.springframework.boot.SpringApplication.refresh(SpringApplication.java:752)
	at org.springframework.boot.SpringApplication.refreshContext(SpringApplication.java:439)
	at org.springframework.boot.SpringApplication.run(SpringApplication.java:318)
	at org.springframework.boot.SpringApplication.run(SpringApplication.java:1361)
	at org.springframework.boot.SpringApplication.run(SpringApplication.java:1350)
	at steven.test.project.FirstWebManagerApplication.main(FirstWebManagerApplication.java:10)
Caused by: org.springframework.jdbc.datasource.init.ScriptStatementFailedException: Failed to execute SQL script statement #2 of class path resource [sql/schema.sql]: DROP TABLE IF EXISTS dept
	at org.springframework.jdbc.datasource.init.ScriptUtils.executeSqlScript(ScriptUtils.java:293)
	at org.springframework.jdbc.datasource.init.ScriptUtils.executeSqlScript(ScriptUtils.java:188)
	at org.springframework.jdbc.datasource.init.ScriptUtils.executeSqlScript(ScriptUtils.java:150)
	at org.springframework.jdbc.datasource.init.ScriptUtils.executeSqlScript(ScriptUtils.java:126)
	at steven.test.project.config.DbInitializer.init(DbInitializer.java:34)
	at java.base/jdk.internal.reflect.DirectMethodHandleAccessor.invoke(DirectMethodHandleAccessor.java:104)
	at java.base/java.lang.reflect.Method.invoke(Method.java:565)
	at org.springframework.beans.factory.annotation.InitDestroyAnnotationBeanPostProcessor$LifecycleMethod.invoke(InitDestroyAnnotationBeanPostProcessor.java:457)
	at org.springframework.beans.factory.annotation.InitDestroyAnnotationBeanPostProcessor$LifecycleMetadata.invokeInitMethods(InitDestroyAnnotationBeanPostProcessor.java:401)
	at org.springframework.beans.factory.annotation.InitDestroyAnnotationBeanPostProcessor.postProcessBeforeInitialization(InitDestroyAnnotationBeanPostProcessor.java:219)
	... 20 common frames omitted
Caused by: java.sql.SQLException: No database selected
	at com.mysql.cj.jdbc.exceptions.SQLError.createSQLException(SQLError.java:121)
	at com.mysql.cj.jdbc.exceptions.SQLExceptionsMapping.translateException(SQLExceptionsMapping.java:114)
	at com.mysql.cj.jdbc.StatementImpl.executeInternal(StatementImpl.java:837)
	at com.mysql.cj.jdbc.StatementImpl.execute(StatementImpl.java:685)
	at com.zaxxer.hikari.pool.ProxyStatement.execute(ProxyStatement.java:95)
	at com.zaxxer.hikari.pool.HikariProxyStatement.execute(HikariProxyStatement.java)
	at org.springframework.jdbc.datasource.init.ScriptUtils.executeSqlScript(ScriptUtils.java:261)
	... 29 common frames omitted
2025-11-26 15:12:45.909 [main] INFO  steven.test.project.FirstWebManagerApplication:? - Starting FirstWebManagerApplication using Java 24.0.1 with PID 3736 (D:\shwork\work\javawork\java-project\first-web-manager\target\classes started by 23693 in D:\shwork\work\javawork\java-project)
2025-11-26 15:12:45.910 [main] DEBUG steven.test.project.FirstWebManagerApplication:? - Running with Spring Boot v3.5.6, Spring v6.2.11
2025-11-26 15:12:45.910 [main] INFO  steven.test.project.FirstWebManagerApplication:? - No active profile set, falling back to 1 default profile: "default"
2025-11-26 15:12:46.457 [main] INFO  o.s.boot.web.embedded.tomcat.TomcatWebServer:? - Tomcat initialized with port 8080 (http)
2025-11-26 15:12:46.464 [main] INFO  org.apache.catalina.core.StandardService:? - Starting service [Tomcat]
2025-11-26 15:12:46.464 [main] INFO  org.apache.catalina.core.StandardEngine:? - Starting Servlet engine: [Apache Tomcat/10.1.46]
2025-11-26 15:12:46.486 [main] INFO  o.a.c.core.ContainerBase.[Tomcat].[localhost].[/]:? - Initializing Spring embedded WebApplicationContext
2025-11-26 15:12:46.486 [main] INFO  o.s.b.w.s.c.ServletWebServerApplicationContext:? - Root WebApplicationContext: initialization completed in 556 ms
2025-11-26 15:12:46.526 [main] INFO  com.zaxxer.hikari.HikariDataSource:? - HikariPool-1 - Starting...
2025-11-26 15:12:46.602 [main] INFO  com.zaxxer.hikari.pool.HikariPool:? - HikariPool-1 - Added connection com.mysql.cj.jdbc.ConnectionImpl@45d4421d
2025-11-26 15:12:46.604 [main] INFO  com.zaxxer.hikari.HikariDataSource:? - HikariPool-1 - Start completed.
2025-11-26 15:12:47.391 [main] INFO  o.s.v.beanvalidation.OptionalValidatorFactoryBean:? - Failed to set up a Bean Validation provider: jakarta.validation.NoProviderFoundException: Unable to create a Configuration, because no Jakarta Bean Validation provider could be found. Add a provider like Hibernate Validator (RI) to your classpath.
2025-11-26 15:12:47.638 [main] INFO  o.s.boot.web.embedded.tomcat.TomcatWebServer:? - Tomcat started on port 8080 (http) with context path '/'
2025-11-26 15:12:47.642 [main] INFO  steven.test.project.FirstWebManagerApplication:? - Started FirstWebManagerApplication in 1.994 seconds (process running for 2.245)
