2025-11-25 17:55:57.894 [main] INFO  steven.test.project.FirstWebManagerApplication:? - Starting FirstWebManagerApplication using Java 24.0.1 with PID 17244 (D:\shwork\work\javawork\java-project\first-web-manager\target\classes started by 23693 in D:\shwork\work\javawork\java-project)
2025-11-25 17:55:57.895 [main] DEBUG steven.test.project.FirstWebManagerApplication:? - Running with Spring Boot v3.5.6, Spring v6.2.11
2025-11-25 17:55:57.895 [main] INFO  steven.test.project.FirstWebManagerApplication:? - No active profile set, falling back to 1 default profile: "default"
2025-11-25 17:55:58.649 [main] INFO  o.s.boot.web.embedded.tomcat.TomcatWebServer:? - Tomcat initialized with port 8080 (http)
2025-11-25 17:55:58.658 [main] INFO  org.apache.catalina.core.StandardService:? - Starting service [Tomcat]
2025-11-25 17:55:58.659 [main] INFO  org.apache.catalina.core.StandardEngine:? - Starting Servlet engine: [Apache Tomcat/10.1.46]
2025-11-25 17:55:58.687 [main] INFO  o.a.c.core.ContainerBase.[Tomcat].[localhost].[/]:? - Initializing Spring embedded WebApplicationContext
2025-11-25 17:55:58.687 [main] INFO  o.s.b.w.s.c.ServletWebServerApplicationContext:? - Root WebApplicationContext: initialization completed in 761 ms
2025-11-25 17:55:58.738 [main] INFO  com.zaxxer.hikari.HikariDataSource:? - HikariPool-1 - Starting...
2025-11-25 17:55:58.845 [main] INFO  com.zaxxer.hikari.pool.HikariPool:? - HikariPool-1 - Added connection com.mysql.cj.jdbc.ConnectionImpl@3e9beef2
2025-11-25 17:55:58.846 [main] INFO  com.zaxxer.hikari.HikariDataSource:? - HikariPool-1 - Start completed.
2025-11-25 17:55:59.652 [main] INFO  o.s.v.beanvalidation.OptionalValidatorFactoryBean:? - Failed to set up a Bean Validation provider: jakarta.validation.NoProviderFoundException: Unable to create a Configuration, because no Jakarta Bean Validation provider could be found. Add a provider like Hibernate Validator (RI) to your classpath.
2025-11-25 17:55:59.869 [main] INFO  o.s.boot.web.embedded.tomcat.TomcatWebServer:? - Tomcat started on port 8080 (http) with context path '/'
2025-11-25 17:55:59.873 [main] INFO  steven.test.project.FirstWebManagerApplication:? - Started FirstWebManagerApplication in 2.368 seconds (process running for 2.774)
2025-11-25 17:57:25.048 [http-nio-8080-exec-1] INFO  o.a.c.core.ContainerBase.[Tomcat].[localhost].[/]:? - Initializing Spring DispatcherServlet 'dispatcherServlet'
2025-11-25 17:57:25.048 [http-nio-8080-exec-1] INFO  org.springframework.web.servlet.DispatcherServlet:? - Initializing Servlet 'dispatcherServlet'
2025-11-25 17:57:25.048 [http-nio-8080-exec-1] INFO  org.springframework.web.servlet.DispatcherServlet:? - Completed initialization in 0 ms
2025-11-25 17:57:25.072 [http-nio-8080-exec-1] INFO  steven.test.project.common.aop.LogAspect:? - ==> 请求开始: steven.test.project.controller.DeptController.list
2025-11-25 17:57:25.081 [http-nio-8080-exec-1] INFO  steven.test.project.common.aop.LogAspect:? - ==> 请求参数: [1,10,null]
2025-11-25 17:57:25.183 [http-nio-8080-exec-1] DEBUG s.t.project.mapper.DeptMapper.selectList_mpCount:? - ==>  Preparing: SELECT COUNT(*) AS total FROM dept
2025-11-25 17:57:25.190 [http-nio-8080-exec-1] DEBUG s.t.project.mapper.DeptMapper.selectList_mpCount:? - ==> Parameters: 
2025-11-25 17:57:25.198 [http-nio-8080-exec-1] DEBUG s.t.project.mapper.DeptMapper.selectList_mpCount:? - <==      Total: 1
2025-11-25 17:57:25.200 [http-nio-8080-exec-1] DEBUG steven.test.project.mapper.DeptMapper.selectList:? - ==>  Preparing: SELECT id,name,count,remark,create_time,update_time FROM dept LIMIT ?
2025-11-25 17:57:25.201 [http-nio-8080-exec-1] DEBUG steven.test.project.mapper.DeptMapper.selectList:? - ==> Parameters: 10(Long)
2025-11-25 17:57:25.204 [http-nio-8080-exec-1] DEBUG steven.test.project.mapper.DeptMapper.selectList:? - <==      Total: 10
2025-11-25 17:57:25.206 [http-nio-8080-exec-1] DEBUG steven.test.project.mapper.DeptMapper.selectCount:? - ==>  Preparing: SELECT COUNT( * ) AS total FROM dept
2025-11-25 17:57:25.206 [http-nio-8080-exec-1] DEBUG steven.test.project.mapper.DeptMapper.selectCount:? - ==> Parameters: 
2025-11-25 17:57:25.206 [http-nio-8080-exec-1] DEBUG steven.test.project.mapper.DeptMapper.selectCount:? - <==      Total: 1
2025-11-25 17:57:25.220 [http-nio-8080-exec-1] INFO  steven.test.project.common.aop.LogAspect:? - <== 正常结果: Result(code=200, message=success, data={total=30, list=[DeptRespVO(name=云计算部, count=35, remark=负责云平台建设, createTime=2024-01-12T09:15:22, updateTime=2024-01-12T09:15:22), DeptRespVO(name=AI研究部, count=52, remark=负责人工智能研究, createTime=2024-02-08T10:22:44, updateTime=2024-02-08T10:22:44), DeptRespVO(name=数字营销部, count=28, remark=线上推广与品牌曝光, createTime=2024-03-03T14:33:12, updateTime=2024-03-03T14:33:12), DeptRespVO(name=采购管理部, count=19, remark=负责物资采购, createTime=2024-03-21T11:05:29, updateTime=2024-03-21T11:05:29), DeptRespVO(name=人力资源发展部, count=67, remark=招聘与员工发展, createTime=2024-04-10T08:48:37, updateTime=2024-04-10T08:48:37), DeptRespVO(name=战略合作部, count=42, remark=外部合作洽谈, createTime=2024-04-25T16:20:59, updateTime=2024-04-25T16:20:59), DeptRespVO(name=供应链部, count=87, remark=供应链体系搭建, createTime=2024-05-04T09:55:11, updateTime=2024-05-04T09:55:11), DeptRespVO(name=运维保障部, count=25, remark=系统运行维护, createTime=2024-05-22T13:14:47, updateTime=2024-05-22T13:14:47), DeptRespVO(name=安全监察部, count=54, remark=内部安全检查, createTime=2024-06-03T10:30:25, updateTime=2024-06-03T10:30:25), DeptRespVO(name=政务事务部, count=13, remark=负责政务对接, createTime=2024-06-18T15:43:16, updateTime=2024-06-18T15:43:16)]})
2025-11-25 17:57:25.221 [http-nio-8080-exec-1] INFO  steven.test.project.common.aop.LogAspect:? - <== 请求结束, 耗时: 135 ms
2025-11-25 17:57:30.823 [http-nio-8080-exec-2] INFO  steven.test.project.common.aop.LogAspect:? - ==> 请求开始: steven.test.project.controller.DeptController.update
2025-11-25 17:57:30.823 [http-nio-8080-exec-2] INFO  steven.test.project.common.aop.LogAspect:? - ==> 请求参数: [{"id":30,"name":"ceshi","count":20,"remark":"4454"}]
2025-11-25 17:57:30.825 [http-nio-8080-exec-2] DEBUG steven.test.project.mapper.DeptMapper.updateById:? - ==>  Preparing: UPDATE dept SET name=?, count=?, remark=? WHERE id=?
2025-11-25 17:57:30.826 [http-nio-8080-exec-2] DEBUG steven.test.project.mapper.DeptMapper.updateById:? - ==> Parameters: ceshi(String), 20(Integer), 4454(String), 30(Long)
2025-11-25 17:57:30.874 [http-nio-8080-exec-2] DEBUG steven.test.project.mapper.DeptMapper.updateById:? - <==    Updates: 1
2025-11-25 17:57:30.874 [http-nio-8080-exec-2] INFO  steven.test.project.common.aop.LogAspect:? - <== 返回结果: {"code":200,"message":"success","data":"更新成功"}
2025-11-25 17:57:30.874 [http-nio-8080-exec-2] INFO  steven.test.project.common.aop.LogAspect:? - <== 请求结束, 耗时: 51 ms
2025-11-25 17:57:36.229 [http-nio-8080-exec-3] INFO  steven.test.project.common.aop.LogAspect:? - ==> 请求开始: steven.test.project.controller.DeptController.add
2025-11-25 17:57:36.230 [http-nio-8080-exec-3] INFO  steven.test.project.common.aop.LogAspect:? - ==> 请求参数: [{"name":"hhh","count":20,"remark":"11111"}]
2025-11-25 17:57:36.232 [http-nio-8080-exec-3] DEBUG steven.test.project.mapper.DeptMapper.insert:? - ==>  Preparing: INSERT INTO dept ( name, count, remark ) VALUES ( ?, ?, ? )
2025-11-25 17:57:36.232 [http-nio-8080-exec-3] DEBUG steven.test.project.mapper.DeptMapper.insert:? - ==> Parameters: hhh(String), 20(Integer), 11111(String)
2025-11-25 17:57:36.290 [http-nio-8080-exec-3] DEBUG steven.test.project.mapper.DeptMapper.insert:? - <==    Updates: 1
2025-11-25 17:57:36.291 [http-nio-8080-exec-3] INFO  steven.test.project.common.aop.LogAspect:? - <== 返回结果: {"code":200,"message":"success","data":"新增成功"}
2025-11-25 17:57:36.291 [http-nio-8080-exec-3] INFO  steven.test.project.common.aop.LogAspect:? - <== 请求结束, 耗时: 62 ms
2025-11-25 17:58:59.559 [SpringApplicationShutdownHook] INFO  o.s.boot.web.embedded.tomcat.GracefulShutdown:? - Commencing graceful shutdown. Waiting for active requests to complete
2025-11-25 17:58:59.562 [tomcat-shutdown] INFO  o.s.boot.web.embedded.tomcat.GracefulShutdown:? - Graceful shutdown complete
2025-11-25 17:58:59.565 [SpringApplicationShutdownHook] INFO  com.zaxxer.hikari.HikariDataSource:? - HikariPool-1 - Shutdown initiated...
2025-11-25 17:58:59.571 [SpringApplicationShutdownHook] INFO  com.zaxxer.hikari.HikariDataSource:? - HikariPool-1 - Shutdown completed.
2025-11-25 17:59:00.985 [main] INFO  steven.test.project.FirstWebManagerApplication:? - Starting FirstWebManagerApplication using Java 24.0.1 with PID 28168 (D:\shwork\work\javawork\java-project\first-web-manager\target\classes started by 23693 in D:\shwork\work\javawork\java-project)
2025-11-25 17:59:00.986 [main] DEBUG steven.test.project.FirstWebManagerApplication:? - Running with Spring Boot v3.5.6, Spring v6.2.11
2025-11-25 17:59:00.986 [main] INFO  steven.test.project.FirstWebManagerApplication:? - No active profile set, falling back to 1 default profile: "default"
2025-11-25 17:59:01.538 [main] INFO  o.s.boot.web.embedded.tomcat.TomcatWebServer:? - Tomcat initialized with port 8080 (http)
2025-11-25 17:59:01.544 [main] INFO  org.apache.catalina.core.StandardService:? - Starting service [Tomcat]
2025-11-25 17:59:01.544 [main] INFO  org.apache.catalina.core.StandardEngine:? - Starting Servlet engine: [Apache Tomcat/10.1.46]
2025-11-25 17:59:01.571 [main] INFO  o.a.c.core.ContainerBase.[Tomcat].[localhost].[/]:? - Initializing Spring embedded WebApplicationContext
2025-11-25 17:59:01.571 [main] INFO  o.s.b.w.s.c.ServletWebServerApplicationContext:? - Root WebApplicationContext: initialization completed in 566 ms
2025-11-25 17:59:01.613 [main] INFO  com.zaxxer.hikari.HikariDataSource:? - HikariPool-1 - Starting...
2025-11-25 17:59:02.924 [main] WARN  o.s.b.w.s.c.AnnotationConfigServletWebServerApplicationContext:? - Exception encountered during context initialization - cancelling refresh attempt: org.springframework.beans.factory.BeanCreationException: Error creating bean with name 'dbInitializer': Invocation of init method failed
2025-11-25 17:59:02.928 [main] INFO  org.apache.catalina.core.StandardService:? - Stopping service [Tomcat]
2025-11-25 17:59:02.939 [main] INFO  o.s.b.a.logging.ConditionEvaluationReportLogger:? - 

Error starting ApplicationContext. To display the condition evaluation report re-run your application with 'debug' enabled.
2025-11-25 17:59:02.956 [main] ERROR org.springframework.boot.SpringApplication:? - Application run failed
org.springframework.beans.factory.BeanCreationException: Error creating bean with name 'dbInitializer': Invocation of init method failed
	at org.springframework.beans.factory.annotation.InitDestroyAnnotationBeanPostProcessor.postProcessBeforeInitialization(InitDestroyAnnotationBeanPostProcessor.java:222)
	at org.springframework.beans.factory.support.AbstractAutowireCapableBeanFactory.applyBeanPostProcessorsBeforeInitialization(AbstractAutowireCapableBeanFactory.java:429)
	at org.springframework.beans.factory.support.AbstractAutowireCapableBeanFactory.initializeBean(AbstractAutowireCapableBeanFactory.java:1818)
	at org.springframework.beans.factory.support.AbstractAutowireCapableBeanFactory.doCreateBean(AbstractAutowireCapableBeanFactory.java:607)
	at org.springframework.beans.factory.support.AbstractAutowireCapableBeanFactory.createBean(AbstractAutowireCapableBeanFactory.java:529)
	at org.springframework.beans.factory.support.AbstractBeanFactory.lambda$doGetBean$0(AbstractBeanFactory.java:339)
	at org.springframework.beans.factory.support.DefaultSingletonBeanRegistry.getSingleton(DefaultSingletonBeanRegistry.java:373)
	at org.springframework.beans.factory.support.AbstractBeanFactory.doGetBean(AbstractBeanFactory.java:337)
	at org.springframework.beans.factory.support.AbstractBeanFactory.getBean(AbstractBeanFactory.java:202)
	at org.springframework.beans.factory.support.DefaultListableBeanFactory.instantiateSingleton(DefaultListableBeanFactory.java:1221)
	at org.springframework.beans.factory.support.DefaultListableBeanFactory.preInstantiateSingleton(DefaultListableBeanFactory.java:1187)
	at org.springframework.beans.factory.support.DefaultListableBeanFactory.preInstantiateSingletons(DefaultListableBeanFactory.java:1123)
	at org.springframework.context.support.AbstractApplicationContext.finishBeanFactoryInitialization(AbstractApplicationContext.java:987)
	at org.springframework.context.support.AbstractApplicationContext.refresh(AbstractApplicationContext.java:627)
	at org.springframework.boot.web.servlet.context.ServletWebServerApplicationContext.refresh(ServletWebServerApplicationContext.java:146)
	at org.springframework.boot.SpringApplication.refresh(SpringApplication.java:752)
	at org.springframework.boot.SpringApplication.refreshContext(SpringApplication.java:439)
	at org.springframework.boot.SpringApplication.run(SpringApplication.java:318)
	at org.springframework.boot.SpringApplication.run(SpringApplication.java:1361)
	at org.springframework.boot.SpringApplication.run(SpringApplication.java:1350)
	at steven.test.project.FirstWebManagerApplication.main(FirstWebManagerApplication.java:10)
Caused by: java.lang.RuntimeException: 初始化数据库失败
	at steven.test.project.config.DbInitializer.init(DbInitializer.java:40)
	at java.base/jdk.internal.reflect.DirectMethodHandleAccessor.invoke(DirectMethodHandleAccessor.java:104)
	at java.base/java.lang.reflect.Method.invoke(Method.java:565)
	at org.springframework.beans.factory.annotation.InitDestroyAnnotationBeanPostProcessor$LifecycleMethod.invoke(InitDestroyAnnotationBeanPostProcessor.java:457)
	at org.springframework.beans.factory.annotation.InitDestroyAnnotationBeanPostProcessor$LifecycleMetadata.invokeInitMethods(InitDestroyAnnotationBeanPostProcessor.java:401)
	at org.springframework.beans.factory.annotation.InitDestroyAnnotationBeanPostProcessor.postProcessBeforeInitialization(InitDestroyAnnotationBeanPostProcessor.java:219)
	... 20 common frames omitted
Caused by: java.sql.SQLSyntaxErrorException: Unknown database 'myproject'
	at com.mysql.cj.jdbc.exceptions.SQLError.createSQLException(SQLError.java:112)
	at com.mysql.cj.jdbc.exceptions.SQLExceptionsMapping.translateException(SQLExceptionsMapping.java:114)
	at com.mysql.cj.jdbc.ConnectionImpl.createNewIO(ConnectionImpl.java:839)
	at com.mysql.cj.jdbc.ConnectionImpl.<init>(ConnectionImpl.java:415)
	at com.mysql.cj.jdbc.ConnectionImpl.getInstance(ConnectionImpl.java:237)
	at com.mysql.cj.jdbc.NonRegisteringDriver.connect(NonRegisteringDriver.java:180)
	at com.zaxxer.hikari.util.DriverDataSource.getConnection(DriverDataSource.java:144)
	at com.zaxxer.hikari.pool.PoolBase.newConnection(PoolBase.java:370)
	at com.zaxxer.hikari.pool.PoolBase.newPoolEntry(PoolBase.java:207)
	at com.zaxxer.hikari.pool.HikariPool.createPoolEntry(HikariPool.java:488)
	at com.zaxxer.hikari.pool.HikariPool.checkFailFast(HikariPool.java:576)
	at com.zaxxer.hikari.pool.HikariPool.<init>(HikariPool.java:97)
	at com.zaxxer.hikari.HikariDataSource.getConnection(HikariDataSource.java:111)
	at steven.test.project.config.DbInitializer.init(DbInitializer.java:30)
	... 25 common frames omitted
2025-11-25 18:01:11.494 [main] INFO  steven.test.project.FirstWebManagerApplication:? - Starting FirstWebManagerApplication using Java 24.0.1 with PID 32180 (D:\shwork\work\javawork\java-project\first-web-manager\target\classes started by 23693 in D:\shwork\work\javawork\java-project)
2025-11-25 18:01:11.495 [main] DEBUG steven.test.project.FirstWebManagerApplication:? - Running with Spring Boot v3.5.6, Spring v6.2.11
2025-11-25 18:01:11.495 [main] INFO  steven.test.project.FirstWebManagerApplication:? - No active profile set, falling back to 1 default profile: "default"
2025-11-25 18:01:12.060 [main] INFO  o.s.boot.web.embedded.tomcat.TomcatWebServer:? - Tomcat initialized with port 8080 (http)
2025-11-25 18:01:12.067 [main] INFO  org.apache.catalina.core.StandardService:? - Starting service [Tomcat]
2025-11-25 18:01:12.067 [main] INFO  org.apache.catalina.core.StandardEngine:? - Starting Servlet engine: [Apache Tomcat/10.1.46]
2025-11-25 18:01:12.090 [main] INFO  o.a.c.core.ContainerBase.[Tomcat].[localhost].[/]:? - Initializing Spring embedded WebApplicationContext
2025-11-25 18:01:12.090 [main] INFO  o.s.b.w.s.c.ServletWebServerApplicationContext:? - Root WebApplicationContext: initialization completed in 574 ms
2025-11-25 18:01:12.132 [main] INFO  com.zaxxer.hikari.HikariDataSource:? - HikariPool-1 - Starting...
2025-11-25 18:01:12.211 [main] INFO  com.zaxxer.hikari.pool.HikariPool:? - HikariPool-1 - Added connection com.mysql.cj.jdbc.ConnectionImpl@414b2df5
2025-11-25 18:01:12.212 [main] INFO  com.zaxxer.hikari.HikariDataSource:? - HikariPool-1 - Start completed.
2025-11-25 18:01:12.540 [main] WARN  o.s.b.w.s.c.AnnotationConfigServletWebServerApplicationContext:? - Exception encountered during context initialization - cancelling refresh attempt: org.springframework.beans.factory.BeanCreationException: Error creating bean with name 'dbInitializer': Invocation of init method failed
2025-11-25 18:01:12.540 [main] INFO  com.zaxxer.hikari.HikariDataSource:? - HikariPool-1 - Shutdown initiated...
2025-11-25 18:01:12.543 [main] INFO  com.zaxxer.hikari.HikariDataSource:? - HikariPool-1 - Shutdown completed.
2025-11-25 18:01:12.545 [main] INFO  org.apache.catalina.core.StandardService:? - Stopping service [Tomcat]
2025-11-25 18:01:12.550 [main] INFO  o.s.b.a.logging.ConditionEvaluationReportLogger:? - 

Error starting ApplicationContext. To display the condition evaluation report re-run your application with 'debug' enabled.
2025-11-25 18:01:12.557 [main] ERROR org.springframework.boot.SpringApplication:? - Application run failed
org.springframework.beans.factory.BeanCreationException: Error creating bean with name 'dbInitializer': Invocation of init method failed
	at org.springframework.beans.factory.annotation.InitDestroyAnnotationBeanPostProcessor.postProcessBeforeInitialization(InitDestroyAnnotationBeanPostProcessor.java:222)
	at org.springframework.beans.factory.support.AbstractAutowireCapableBeanFactory.applyBeanPostProcessorsBeforeInitialization(AbstractAutowireCapableBeanFactory.java:429)
	at org.springframework.beans.factory.support.AbstractAutowireCapableBeanFactory.initializeBean(AbstractAutowireCapableBeanFactory.java:1818)
	at org.springframework.beans.factory.support.AbstractAutowireCapableBeanFactory.doCreateBean(AbstractAutowireCapableBeanFactory.java:607)
	at org.springframework.beans.factory.support.AbstractAutowireCapableBeanFactory.createBean(AbstractAutowireCapableBeanFactory.java:529)
	at org.springframework.beans.factory.support.AbstractBeanFactory.lambda$doGetBean$0(AbstractBeanFactory.java:339)
	at org.springframework.beans.factory.support.DefaultSingletonBeanRegistry.getSingleton(DefaultSingletonBeanRegistry.java:373)
	at org.springframework.beans.factory.support.AbstractBeanFactory.doGetBean(AbstractBeanFactory.java:337)
	at org.springframework.beans.factory.support.AbstractBeanFactory.getBean(AbstractBeanFactory.java:202)
	at org.springframework.beans.factory.support.DefaultListableBeanFactory.instantiateSingleton(DefaultListableBeanFactory.java:1221)
	at org.springframework.beans.factory.support.DefaultListableBeanFactory.preInstantiateSingleton(DefaultListableBeanFactory.java:1187)
	at org.springframework.beans.factory.support.DefaultListableBeanFactory.preInstantiateSingletons(DefaultListableBeanFactory.java:1123)
	at org.springframework.context.support.AbstractApplicationContext.finishBeanFactoryInitialization(AbstractApplicationContext.java:987)
	at org.springframework.context.support.AbstractApplicationContext.refresh(AbstractApplicationContext.java:627)
	at org.springframework.boot.web.servlet.context.ServletWebServerApplicationContext.refresh(ServletWebServerApplicationContext.java:146)
	at org.springframework.boot.SpringApplication.refresh(SpringApplication.java:752)
	at org.springframework.boot.SpringApplication.refreshContext(SpringApplication.java:439)
	at org.springframework.boot.SpringApplication.run(SpringApplication.java:318)
	at org.springframework.boot.SpringApplication.run(SpringApplication.java:1361)
	at org.springframework.boot.SpringApplication.run(SpringApplication.java:1350)
	at steven.test.project.FirstWebManagerApplication.main(FirstWebManagerApplication.java:10)
Caused by: org.springframework.jdbc.datasource.init.ScriptStatementFailedException: Failed to execute SQL script statement #2 of class path resource [sql/schema.sql]: DROP TABLE IF EXISTS dept
	at org.springframework.jdbc.datasource.init.ScriptUtils.executeSqlScript(ScriptUtils.java:293)
	at org.springframework.jdbc.datasource.init.ScriptUtils.executeSqlScript(ScriptUtils.java:188)
	at org.springframework.jdbc.datasource.init.ScriptUtils.executeSqlScript(ScriptUtils.java:150)
	at org.springframework.jdbc.datasource.init.ScriptUtils.executeSqlScript(ScriptUtils.java:126)
	at steven.test.project.config.DbInitializer.init(DbInitializer.java:33)
	at java.base/jdk.internal.reflect.DirectMethodHandleAccessor.invoke(DirectMethodHandleAccessor.java:104)
	at java.base/java.lang.reflect.Method.invoke(Method.java:565)
	at org.springframework.beans.factory.annotation.InitDestroyAnnotationBeanPostProcessor$LifecycleMethod.invoke(InitDestroyAnnotationBeanPostProcessor.java:457)
	at org.springframework.beans.factory.annotation.InitDestroyAnnotationBeanPostProcessor$LifecycleMetadata.invokeInitMethods(InitDestroyAnnotationBeanPostProcessor.java:401)
	at org.springframework.beans.factory.annotation.InitDestroyAnnotationBeanPostProcessor.postProcessBeforeInitialization(InitDestroyAnnotationBeanPostProcessor.java:219)
	... 20 common frames omitted
Caused by: java.sql.SQLException: No database selected
	at com.mysql.cj.jdbc.exceptions.SQLError.createSQLException(SQLError.java:121)
	at com.mysql.cj.jdbc.exceptions.SQLExceptionsMapping.translateException(SQLExceptionsMapping.java:114)
	at com.mysql.cj.jdbc.StatementImpl.executeInternal(StatementImpl.java:837)
	at com.mysql.cj.jdbc.StatementImpl.execute(StatementImpl.java:685)
	at com.zaxxer.hikari.pool.ProxyStatement.execute(ProxyStatement.java:95)
	at com.zaxxer.hikari.pool.HikariProxyStatement.execute(HikariProxyStatement.java)
	at org.springframework.jdbc.datasource.init.ScriptUtils.executeSqlScript(ScriptUtils.java:261)
	... 29 common frames omitted
