2025-11-25 17:55:57.894 [main] INFO  steven.test.project.FirstWebManagerApplication:? - Starting FirstWebManagerApplication using Java 24.0.1 with PID 17244 (D:\shwork\work\javawork\java-project\first-web-manager\target\classes started by 23693 in D:\shwork\work\javawork\java-project)
2025-11-25 17:55:57.895 [main] INFO  steven.test.project.FirstWebManagerApplication:? - No active profile set, falling back to 1 default profile: "default"
2025-11-25 17:55:58.649 [main] INFO  o.s.boot.web.embedded.tomcat.TomcatWebServer:? - Tomcat initialized with port 8080 (http)
2025-11-25 17:55:58.658 [main] INFO  org.apache.catalina.core.StandardService:? - Starting service [Tomcat]
2025-11-25 17:55:58.659 [main] INFO  org.apache.catalina.core.StandardEngine:? - Starting Servlet engine: [Apache Tomcat/10.1.46]
2025-11-25 17:55:58.687 [main] INFO  o.a.c.core.ContainerBase.[Tomcat].[localhost].[/]:? - Initializing Spring embedded WebApplicationContext
2025-11-25 17:55:58.687 [main] INFO  o.s.b.w.s.c.ServletWebServerApplicationContext:? - Root WebApplicationContext: initialization completed in 761 ms
2025-11-25 17:55:58.738 [main] INFO  com.zaxxer.hikari.HikariDataSource:? - HikariPool-1 - Starting...
2025-11-25 17:55:58.845 [main] INFO  com.zaxxer.hikari.pool.HikariPool:? - HikariPool-1 - Added connection com.mysql.cj.jdbc.ConnectionImpl@3e9beef2
2025-11-25 17:55:58.846 [main] INFO  com.zaxxer.hikari.HikariDataSource:? - HikariPool-1 - Start completed.
2025-11-25 17:55:59.652 [main] INFO  o.s.v.beanvalidation.OptionalValidatorFactoryBean:? - Failed to set up a Bean Validation provider: jakarta.validation.NoProviderFoundException: Unable to create a Configuration, because no Jakarta Bean Validation provider could be found. Add a provider like Hibernate Validator (RI) to your classpath.
2025-11-25 17:55:59.869 [main] INFO  o.s.boot.web.embedded.tomcat.TomcatWebServer:? - Tomcat started on port 8080 (http) with context path '/'
2025-11-25 17:55:59.873 [main] INFO  steven.test.project.FirstWebManagerApplication:? - Started FirstWebManagerApplication in 2.368 seconds (process running for 2.774)
2025-11-25 17:57:25.048 [http-nio-8080-exec-1] INFO  o.a.c.core.ContainerBase.[Tomcat].[localhost].[/]:? - Initializing Spring DispatcherServlet 'dispatcherServlet'
2025-11-25 17:57:25.048 [http-nio-8080-exec-1] INFO  org.springframework.web.servlet.DispatcherServlet:? - Initializing Servlet 'dispatcherServlet'
2025-11-25 17:57:25.048 [http-nio-8080-exec-1] INFO  org.springframework.web.servlet.DispatcherServlet:? - Completed initialization in 0 ms
2025-11-25 17:57:25.072 [http-nio-8080-exec-1] INFO  steven.test.project.common.aop.LogAspect:? - ==> 请求开始: steven.test.project.controller.DeptController.list
2025-11-25 17:57:25.081 [http-nio-8080-exec-1] INFO  steven.test.project.common.aop.LogAspect:? - ==> 请求参数: [1,10,null]
2025-11-25 17:57:25.220 [http-nio-8080-exec-1] INFO  steven.test.project.common.aop.LogAspect:? - <== 正常结果: Result(code=200, message=success, data={total=30, list=[DeptRespVO(name=云计算部, count=35, remark=负责云平台建设, createTime=2024-01-12T09:15:22, updateTime=2024-01-12T09:15:22), DeptRespVO(name=AI研究部, count=52, remark=负责人工智能研究, createTime=2024-02-08T10:22:44, updateTime=2024-02-08T10:22:44), DeptRespVO(name=数字营销部, count=28, remark=线上推广与品牌曝光, createTime=2024-03-03T14:33:12, updateTime=2024-03-03T14:33:12), DeptRespVO(name=采购管理部, count=19, remark=负责物资采购, createTime=2024-03-21T11:05:29, updateTime=2024-03-21T11:05:29), DeptRespVO(name=人力资源发展部, count=67, remark=招聘与员工发展, createTime=2024-04-10T08:48:37, updateTime=2024-04-10T08:48:37), DeptRespVO(name=战略合作部, count=42, remark=外部合作洽谈, createTime=2024-04-25T16:20:59, updateTime=2024-04-25T16:20:59), DeptRespVO(name=供应链部, count=87, remark=供应链体系搭建, createTime=2024-05-04T09:55:11, updateTime=2024-05-04T09:55:11), DeptRespVO(name=运维保障部, count=25, remark=系统运行维护, createTime=2024-05-22T13:14:47, updateTime=2024-05-22T13:14:47), DeptRespVO(name=安全监察部, count=54, remark=内部安全检查, createTime=2024-06-03T10:30:25, updateTime=2024-06-03T10:30:25), DeptRespVO(name=政务事务部, count=13, remark=负责政务对接, createTime=2024-06-18T15:43:16, updateTime=2024-06-18T15:43:16)]})
2025-11-25 17:57:25.221 [http-nio-8080-exec-1] INFO  steven.test.project.common.aop.LogAspect:? - <== 请求结束, 耗时: 135 ms
2025-11-25 17:57:30.823 [http-nio-8080-exec-2] INFO  steven.test.project.common.aop.LogAspect:? - ==> 请求开始: steven.test.project.controller.DeptController.update
2025-11-25 17:57:30.823 [http-nio-8080-exec-2] INFO  steven.test.project.common.aop.LogAspect:? - ==> 请求参数: [{"id":30,"name":"ceshi","count":20,"remark":"4454"}]
2025-11-25 17:57:30.874 [http-nio-8080-exec-2] INFO  steven.test.project.common.aop.LogAspect:? - <== 返回结果: {"code":200,"message":"success","data":"更新成功"}
2025-11-25 17:57:30.874 [http-nio-8080-exec-2] INFO  steven.test.project.common.aop.LogAspect:? - <== 请求结束, 耗时: 51 ms
2025-11-25 17:57:36.229 [http-nio-8080-exec-3] INFO  steven.test.project.common.aop.LogAspect:? - ==> 请求开始: steven.test.project.controller.DeptController.add
2025-11-25 17:57:36.230 [http-nio-8080-exec-3] INFO  steven.test.project.common.aop.LogAspect:? - ==> 请求参数: [{"name":"hhh","count":20,"remark":"11111"}]
2025-11-25 17:57:36.291 [http-nio-8080-exec-3] INFO  steven.test.project.common.aop.LogAspect:? - <== 返回结果: {"code":200,"message":"success","data":"新增成功"}
2025-11-25 17:57:36.291 [http-nio-8080-exec-3] INFO  steven.test.project.common.aop.LogAspect:? - <== 请求结束, 耗时: 62 ms
2025-11-25 17:58:59.559 [SpringApplicationShutdownHook] INFO  o.s.boot.web.embedded.tomcat.GracefulShutdown:? - Commencing graceful shutdown. Waiting for active requests to complete
2025-11-25 17:58:59.562 [tomcat-shutdown] INFO  o.s.boot.web.embedded.tomcat.GracefulShutdown:? - Graceful shutdown complete
2025-11-25 17:58:59.565 [SpringApplicationShutdownHook] INFO  com.zaxxer.hikari.HikariDataSource:? - HikariPool-1 - Shutdown initiated...
2025-11-25 17:58:59.571 [SpringApplicationShutdownHook] INFO  com.zaxxer.hikari.HikariDataSource:? - HikariPool-1 - Shutdown completed.
2025-11-25 17:59:00.985 [main] INFO  steven.test.project.FirstWebManagerApplication:? - Starting FirstWebManagerApplication using Java 24.0.1 with PID 28168 (D:\shwork\work\javawork\java-project\first-web-manager\target\classes started by 23693 in D:\shwork\work\javawork\java-project)
2025-11-25 17:59:00.986 [main] INFO  steven.test.project.FirstWebManagerApplication:? - No active profile set, falling back to 1 default profile: "default"
2025-11-25 17:59:01.538 [main] INFO  o.s.boot.web.embedded.tomcat.TomcatWebServer:? - Tomcat initialized with port 8080 (http)
2025-11-25 17:59:01.544 [main] INFO  org.apache.catalina.core.StandardService:? - Starting service [Tomcat]
2025-11-25 17:59:01.544 [main] INFO  org.apache.catalina.core.StandardEngine:? - Starting Servlet engine: [Apache Tomcat/10.1.46]
2025-11-25 17:59:01.571 [main] INFO  o.a.c.core.ContainerBase.[Tomcat].[localhost].[/]:? - Initializing Spring embedded WebApplicationContext
2025-11-25 17:59:01.571 [main] INFO  o.s.b.w.s.c.ServletWebServerApplicationContext:? - Root WebApplicationContext: initialization completed in 566 ms
2025-11-25 17:59:01.613 [main] INFO  com.zaxxer.hikari.HikariDataSource:? - HikariPool-1 - Starting...
2025-11-25 17:59:02.928 [main] INFO  org.apache.catalina.core.StandardService:? - Stopping service [Tomcat]
2025-11-25 17:59:02.939 [main] INFO  o.s.b.a.logging.ConditionEvaluationReportLogger:? - 

Error starting ApplicationContext. To display the condition evaluation report re-run your application with 'debug' enabled.
2025-11-25 18:01:11.494 [main] INFO  steven.test.project.FirstWebManagerApplication:? - Starting FirstWebManagerApplication using Java 24.0.1 with PID 32180 (D:\shwork\work\javawork\java-project\first-web-manager\target\classes started by 23693 in D:\shwork\work\javawork\java-project)
2025-11-25 18:01:11.495 [main] INFO  steven.test.project.FirstWebManagerApplication:? - No active profile set, falling back to 1 default profile: "default"
2025-11-25 18:01:12.060 [main] INFO  o.s.boot.web.embedded.tomcat.TomcatWebServer:? - Tomcat initialized with port 8080 (http)
2025-11-25 18:01:12.067 [main] INFO  org.apache.catalina.core.StandardService:? - Starting service [Tomcat]
2025-11-25 18:01:12.067 [main] INFO  org.apache.catalina.core.StandardEngine:? - Starting Servlet engine: [Apache Tomcat/10.1.46]
2025-11-25 18:01:12.090 [main] INFO  o.a.c.core.ContainerBase.[Tomcat].[localhost].[/]:? - Initializing Spring embedded WebApplicationContext
2025-11-25 18:01:12.090 [main] INFO  o.s.b.w.s.c.ServletWebServerApplicationContext:? - Root WebApplicationContext: initialization completed in 574 ms
2025-11-25 18:01:12.132 [main] INFO  com.zaxxer.hikari.HikariDataSource:? - HikariPool-1 - Starting...
2025-11-25 18:01:12.211 [main] INFO  com.zaxxer.hikari.pool.HikariPool:? - HikariPool-1 - Added connection com.mysql.cj.jdbc.ConnectionImpl@414b2df5
2025-11-25 18:01:12.212 [main] INFO  com.zaxxer.hikari.HikariDataSource:? - HikariPool-1 - Start completed.
2025-11-25 18:01:12.540 [main] INFO  com.zaxxer.hikari.HikariDataSource:? - HikariPool-1 - Shutdown initiated...
2025-11-25 18:01:12.543 [main] INFO  com.zaxxer.hikari.HikariDataSource:? - HikariPool-1 - Shutdown completed.
2025-11-25 18:01:12.545 [main] INFO  org.apache.catalina.core.StandardService:? - Stopping service [Tomcat]
2025-11-25 18:01:12.550 [main] INFO  o.s.b.a.logging.ConditionEvaluationReportLogger:? - 

Error starting ApplicationContext. To display the condition evaluation report re-run your application with 'debug' enabled.
